                                         The SAS System    14:07 Wednesday, January 13, 2016   1

                                       The QLIM Procedure

                                Discrete Response Profile of y1
 
                                                              Total
                            Index         Value           Frequency

                              1             0                  2228
                              2             1                  2772


                                Discrete Response Profile of y2
 
                                                              Total
                            Index         Value           Frequency

                              1             0                  2242
                              2             1                  2758


                                Discrete Response Profile of y3
 
                                                              Total
                            Index         Value           Frequency

                              1             0                  2158
                              2             1                  2842


                                Discrete Response Profile of y4
 
                                                              Total
                            Index         Value           Frequency

                              1             0                  3877
                              2             1                  1123




                                       Model Fit Summary

                        Number of Endogenous Variables                 4
                        Endogenous Variable                  y1 y2 y3 y4
                        Number of Observations                      5000
                        Log Likelihood                             -8485
                        Maximum Absolute Gradient                3.35466
                        Number of Iterations                          51
                        Optimization Method                 Quasi-Newton
                        AIC                                        17010
                        Schwarz Criterion                          17140
                        Seed for Monte Carlo Integration       262736001
                        Number of Draws                               20
                                         The SAS System    14:07 Wednesday, January 13, 2016   2

                                       The QLIM Procedure

Algorithm converged.                                                                            


                                      Parameter Estimates
 
                                                     Standard                 Approx
           Parameter       DF        Estimate           Error    t Value    Pr > |t|

           y1.Intercept     1        0.142152        0.017743       8.01     <.0001 
           y1.x1            1        1.213535        0.063139      19.22     <.0001 
           y2.Intercept     1        0.943324        0.036875      25.58     <.0001 
           y2.x1            1        0.163842        0.062007       2.64     0.0082 
           y2.x2            1       -0.961477        0.038931     -24.70     <.0001 
           y3.Intercept     1        1.018329        0.078514      12.97     <.0001 
           y3.x1            1       -1.942970        0.070505     -27.56     <.0001 
           y3.x2            1        0.408998        0.065742       6.22     <.0001 
           y3.x3            1       -0.763299        0.034995     -21.81     <.0001 
           y4.Intercept     1       -5.979232        0.183698     -32.55     <.0001 
           y4.x1            1        1.045231        0.093792      11.14     <.0001 
           y4.x2            1       -0.291902        0.089924      -3.25     0.0012 
           y4.x3            1        2.997916        0.085397      35.11     <.0001 
           y4.x4            1       -0.287537        0.174736      -1.65     0.0999 
           _Rho.y1.y2       1        0.998058        0.000831    1200.53     <.0001 
           _Rho.y1.y3       1        0.172642        0.023062       7.49     <.0001 
           _Rho.y1.y4       1        0.136096        0.031245       4.36     <.0001 
           _Rho.y2.y3       1        0.177573        0.023015       7.72     <.0001 
           _Rho.y2.y4       1        0.147543        0.031292       4.72     <.0001 
           _Rho.y3.y4       1        0.723568        0.025239      28.67     <.0001 
